$ eu5-orchestrator blueprint parity --project /home/jan/development/ProsperOrPerishConstructor/constructor.toml
parity failed:
- production_methods: different entry pp_alum_quarry_base_alum
- production_methods: different entry pp_alum_quarry_clay
- production_methods: different entry pp_alum_quarry_stone
- production_methods: different entry pp_alum_works_alum
- production_methods: different entry pp_alum_works_base_alum
- production_methods: different entry pp_alum_works_clay
- production_methods: different entry pp_alum_works_stone
- production_methods: different entry pp_amber_collector_base_amber
- production_methods: different entry pp_amber_collector_basket_gathering
- production_methods: different entry pp_amber_collector_sand_horses
- production_methods: different entry pp_amber_collector_sand_livestock
- production_methods: different entry pp_apothecary_ancient_medicine_apotechary
- production_methods: different entry pp_apothecary_natural_medicine_apotechary
- production_methods: different entry pp_arctic_fishing_village_maintenance
- production_methods: different entry pp_beer_workshop_bavarian_beer_workshop_maintenance
- production_methods: different entry pp_beer_workshop_fruit_beer_workshop_maintenance
- production_methods: different entry pp_beer_workshop_maize_beer_workshop_maintenance
- production_methods: different entry pp_beer_workshop_millet_beer_workshop_maintenance
- production_methods: different entry pp_beer_workshop_rice_beer_workshop_maintenance
- production_methods: different entry pp_beer_workshop_wheat_beer_workshop_maintenance
- production_methods: different entry pp_bog_iron_smelter_blast_furnace_finery
- production_methods: different entry pp_bog_iron_smelter_blast_furnace_maintenance
- production_methods: different entry pp_bog_iron_smelter_coke_blast_furnace_maintenance
- production_methods: different entry pp_bog_iron_smelter_hot_blast_refining_maintenance
- production_methods: different entry pp_brewery_maize_brewery_maintenance
- production_methods: different entry pp_brewery_manufactory_brewery_manufactory_maintenance
- production_methods: different entry pp_cannon_maker_cannon_maker_ammunition_iron_maintenance
- production_methods: different entry pp_cannon_maker_cannon_maker_ammunition_lead_maintenance
- production_methods: different entry pp_cannon_maker_cannon_maker_ammunition_stone_maintenance
- production_methods: different entry pp_cannon_maker_cannon_maker_lumber_maintenance
- production_methods: different entry pp_cannon_workshop_cannon_workshop_ammunition_iron_maintenance
- production_methods: different entry pp_cannon_workshop_cannon_workshop_ammunition_stone_maintenance
- production_methods: different entry pp_cannons_factory_gun_factory_maintenance
- production_methods: different entry pp_chili_plantation_base_chili
- production_methods: different entry pp_chili_plantation_sun_drying_mats
- production_methods: different entry pp_cinnabar_pit_base_mercury
- production_methods: different entry pp_cinnabar_pit_dyes
- production_methods: different entry pp_cinnabar_pit_mercury
- production_methods: different entry pp_cinnabar_pit_stone
- production_methods: different entry pp_clay_pit_maintenance
- production_methods: different entry pp_clay_washmill_base_clay
- production_methods: different entry pp_clay_washmill_horse_pugging
- production_methods: different entry pp_clay_washmill_levigation_ponds
- production_methods: different entry pp_clay_washmill_ox_pugging
- production_methods: different entry pp_cloth_guild_wool_cloth_guild_maintenance
- production_methods: different entry pp_cloth_manufactory_cotton_cloth_manufactory_maintenance
- production_methods: different entry pp_cloth_manufactory_fiber_crops_cloth_manufactory_maintenance
- production_methods: different entry pp_cloth_workshop_wool_cloth_workshop_maintenance
- production_methods: different entry pp_clove_grove_base_cloves
- production_methods: different entry pp_clove_grove_curing_houses
